// Jest Snapshot v1, https://goo.gl/fbAQLP

exports[`App to match snapshot 1`] = `
<section
  className="sc-bwzfXH bOYEsa"
>
  <h1
    className="sc-bdVaJa kbYEP"
  >
    @mattiaerre's next run
  </h1>
  <p>
    March 19th 2017, 9:00:00 am
  </p>
  <p>
    <a
      href="https://goo.gl/maps/mvsGHqLtiCs"
    >
      https://goo.gl/maps/mvsGHqLtiCs
    </a>
  </p>
  <ul>
    <li>
      eat
    </li>
    <li>
      run
    </li>
    <li>
      sleep
    </li>
    <li>
      repeat
    </li>
  </ul>
</section>
`;
